// Jest Snapshot v1, https://jestjs.io/docs/snapshot-testing

exports[`Required prints correctly for missing required prop 1`] = `
[
  "<red><bold>REQUIRED</intensity> should have required property 'id'</color>
",
  "  1 | {
> 2 |   "nested": {}
    |             ^ <magenta>id</color> is missing here!
  3 | }",
]
`;
